// Jest Snapshot v1, https://goo.gl/fbAQLP

exports[`ModifyViewer Component Renders the complete ModifyViewer Component and all nested Components 1`] = `<Fragment />`;
