// Jest Snapshot v1, https://goo.gl/fbAQLP

exports[`AddModSteps Component Renders the complete AddModSteps Component 1`] = `
<Fragment>
  <button
    id="add-mod-stept"
    onClick={[Function]}
    type="button"
  >
    Add Step
  </button>
</Fragment>
`;
