// Jest Snapshot v1, https://goo.gl/fbAQLP

exports[`AddIngredients Component Renders the complete AddIngredients Component 1`] = `
<Fragment>
  <button
    id="add-ingredient"
    onClick={[Function]}
    type="button"
  >
    Add Ingredient
  </button>
</Fragment>
`;
