// Jest Snapshot v1, https://goo.gl/fbAQLP

exports[`ModifyRecipe Component Renders the complete ModifyRecipe Component and all nested Components 1`] = `<Fragment />`;
